// Vitest Snapshot v1, https://vitest.dev/guide/snapshot.html

exports[`matches snapshot 1`] = `
<DocumentFragment>
  <div
    id="edit-todo-div"
  >
    <form
      id="edit-todo-form"
    >
      <label
        for="edit-todo"
      >
        Edit Task - 
      </label>
      <input
        id="edit-todo"
        name="edit-todo"
        placeholder="Enter Task Here"
        type="text"
        value=""
      />
      <button>
        Edit Todo
      </button>
    </form>
    <button>
      Cancel
    </button>
  </div>
</DocumentFragment>
`;
