// Vitest Snapshot v1, https://vitest.dev/guide/snapshot.html

exports[`matches snapshot 1`] = `
<DocumentFragment>
  <div
    class="todo"
  >
    <div
      class="todo-item"
    >
      <p
        class="task "
      >
        - 
      </p>
      <button
        class="btn"
      >
        Mark As Complete
      </button>
      <button
        class="btn"
      >
        X
      </button>
      <button
        class="btn"
      >
        Edit Task
      </button>
    </div>
  </div>
</DocumentFragment>
`;
